Release 14.7 - xst P.20131013 (nt64)
Copyright (c) 1995-2013 Xilinx, Inc.  All rights reserved.
--> Parameter TMPDIR set to xst/projnav.tmp


Total REAL time to Xst completion: 0.00 secs
Total CPU time to Xst completion: 0.11 secs
 
--> Parameter xsthdpdir set to xst


Total REAL time to Xst completion: 0.00 secs
Total CPU time to Xst completion: 0.11 secs
 
--> Reading design: top.prj

TABLE OF CONTENTS
  1) Synthesis Options Summary
  2) HDL Compilation
  3) Design Hierarchy Analysis
  4) HDL Analysis
  5) HDL Synthesis
     5.1) HDL Synthesis Report
  6) Advanced HDL Synthesis
     6.1) Advanced HDL Synthesis Report
  7) Low Level Synthesis
  8) Partition Report
  9) Final Report
	9.1) Device utilization summary
	9.2) Partition Resource Summary
	9.3) TIMING REPORT


=========================================================================
*                      Synthesis Options Summary                        *
=========================================================================
---- Source Parameters
Input File Name                    : "top.prj"
Input Format                       : mixed
Ignore Synthesis Constraint File   : NO

---- Target Parameters
Output File Name                   : "top"
Output Format                      : NGC
Target Device                      : xc3s2000-4-fg456

---- Source Options
Top Module Name                    : top
Automatic FSM Extraction           : YES
FSM Encoding Algorithm             : Auto
Safe Implementation                : No
FSM Style                          : LUT
RAM Extraction                     : Yes
RAM Style                          : Auto
ROM Extraction                     : Yes
Mux Style                          : Auto
Decoder Extraction                 : YES
Priority Encoder Extraction        : Yes
Shift Register Extraction          : YES
Logical Shifter Extraction         : YES
XOR Collapsing                     : YES
ROM Style                          : Auto
Mux Extraction                     : Yes
Resource Sharing                   : YES
Asynchronous To Synchronous        : NO
Multiplier Style                   : Auto
Automatic Register Balancing       : No

---- Target Options
Add IO Buffers                     : YES
Global Maximum Fanout              : 100000
Add Generic Clock Buffer(BUFG)     : 8
Register Duplication               : YES
Slice Packing                      : YES
Optimize Instantiated Primitives   : NO
Use Clock Enable                   : Yes
Use Synchronous Set                : Yes
Use Synchronous Reset              : Yes
Pack IO Registers into IOBs        : Auto
Equivalent register Removal        : YES

---- General Options
Optimization Goal                  : Speed
Optimization Effort                : 1
Keep Hierarchy                     : No
Netlist Hierarchy                  : As_Optimized
RTL Output                         : Yes
Global Optimization                : AllClockNets
Read Cores                         : YES
Write Timing Constraints           : NO
Cross Clock Analysis               : NO
Hierarchy Separator                : /
Bus Delimiter                      : <>
Case Specifier                     : Maintain
Slice Utilization Ratio            : 100
BRAM Utilization Ratio             : 100
Verilog 2001                       : YES
Auto BRAM Packing                  : NO
Slice Utilization Ratio Delta      : 5

=========================================================================


=========================================================================
*                          HDL Compilation                              *
=========================================================================
Compiling vhdl file "D:/ISE/modice/TFT_LCD/clk_25m.vhd" in Library work.
Architecture behavioral of Entity clk_25m is up to date.
Compiling vhdl file "D:/ISE/modice/TFT_LCD/TFT_LCD.vhd" in Library work.
Entity <tft_lcd> compiled.
Entity <tft_lcd> (Architecture <behavioral>) compiled.
Compiling vhdl file "D:/ISE/modice/TFT_LCD/top.vhd" in Library work.
Architecture behavioral of Entity top is up to date.

=========================================================================
*                     Design Hierarchy Analysis                         *
=========================================================================
Analyzing hierarchy for entity <top> in library <work> (architecture <behavioral>).

Analyzing hierarchy for entity <clk_25m> in library <work> (architecture <behavioral>).

Analyzing hierarchy for entity <TFT_LCD> in library <work> (architecture <behavioral>).


=========================================================================
*                            HDL Analysis                               *
=========================================================================
Analyzing Entity <top> in library <work> (Architecture <behavioral>).
WARNING:Xst:753 - "D:/ISE/modice/TFT_LCD/top.vhd" line 92: Unconnected output port 'CLKIN_IBUFG_OUT' of component 'clk_25m'.
WARNING:Xst:753 - "D:/ISE/modice/TFT_LCD/top.vhd" line 92: Unconnected output port 'CLK0_OUT' of component 'clk_25m'.
WARNING:Xst:753 - "D:/ISE/modice/TFT_LCD/top.vhd" line 92: Unconnected output port 'LOCKED_OUT' of component 'clk_25m'.
Entity <top> analyzed. Unit <top> generated.

Analyzing Entity <clk_25m> in library <work> (Architecture <behavioral>).
    Set user-defined property "CAPACITANCE =  DONT_CARE" for instance <CLKIN_IBUFG_INST> in unit <clk_25m>.
    Set user-defined property "IBUF_DELAY_VALUE =  0" for instance <CLKIN_IBUFG_INST> in unit <clk_25m>.
    Set user-defined property "IBUF_LOW_PWR =  TRUE" for instance <CLKIN_IBUFG_INST> in unit <clk_25m>.
    Set user-defined property "IOSTANDARD =  DEFAULT" for instance <CLKIN_IBUFG_INST> in unit <clk_25m>.
    Set user-defined property "CLKDV_DIVIDE =  2.0000000000000000" for instance <DCM_INST> in unit <clk_25m>.
    Set user-defined property "CLKFX_DIVIDE =  8" for instance <DCM_INST> in unit <clk_25m>.
    Set user-defined property "CLKFX_MULTIPLY =  2" for instance <DCM_INST> in unit <clk_25m>.
    Set user-defined property "CLKIN_DIVIDE_BY_2 =  FALSE" for instance <DCM_INST> in unit <clk_25m>.
    Set user-defined property "CLKIN_PERIOD =  10.0000000000000000" for instance <DCM_INST> in unit <clk_25m>.
    Set user-defined property "CLKOUT_PHASE_SHIFT =  NONE" for instance <DCM_INST> in unit <clk_25m>.
    Set user-defined property "CLK_FEEDBACK =  1X" for instance <DCM_INST> in unit <clk_25m>.
    Set user-defined property "DESKEW_ADJUST =  SYSTEM_SYNCHRONOUS" for instance <DCM_INST> in unit <clk_25m>.
    Set user-defined property "DFS_FREQUENCY_MODE =  LOW" for instance <DCM_INST> in unit <clk_25m>.
    Set user-defined property "DLL_FREQUENCY_MODE =  LOW" for instance <DCM_INST> in unit <clk_25m>.
    Set user-defined property "DSS_MODE =  NONE" for instance <DCM_INST> in unit <clk_25m>.
    Set user-defined property "DUTY_CYCLE_CORRECTION =  TRUE" for instance <DCM_INST> in unit <clk_25m>.
    Set user-defined property "FACTORY_JF =  8080" for instance <DCM_INST> in unit <clk_25m>.
    Set user-defined property "PHASE_SHIFT =  0" for instance <DCM_INST> in unit <clk_25m>.
    Set user-defined property "SIM_MODE =  SAFE" for instance <DCM_INST> in unit <clk_25m>.
    Set user-defined property "STARTUP_WAIT =  FALSE" for instance <DCM_INST> in unit <clk_25m>.
Entity <clk_25m> analyzed. Unit <clk_25m> generated.

Analyzing Entity <TFT_LCD> in library <work> (Architecture <behavioral>).
WARNING:Xst:819 - "D:/ISE/modice/TFT_LCD/TFT_LCD.vhd" line 162: One or more signals are missing in the process sensitivity list. To enable synthesis of FPGA/CPLD hardware, XST will assume that all necessary signals are present in the sensitivity list. Please note that the result of the synthesis may differ from the initial design specification. The missing signals are:
   <vsync_cnt>, <hsync_cnt>
Entity <TFT_LCD> analyzed. Unit <TFT_LCD> generated.


=========================================================================
*                           HDL Synthesis                               *
=========================================================================

Performing bidirectional port resolution...

Synthesizing Unit <TFT_LCD>.
    Related source file is "D:/ISE/modice/TFT_LCD/TFT_LCD.vhd".
WARNING:Xst:643 - "D:/ISE/modice/TFT_LCD/TFT_LCD.vhd" line 234: The result of a 8x9-bit multiplication is partially used. Only the 8 least significant bits are used. If you are doing this on purpose, you may safely ignore this warning. Otherwise, make sure you are not losing information, leading to unexpected circuit behavior.
WARNING:Xst:737 - Found 1-bit latch for signal <de_i>. Latches may be generated from incomplete case or if statements. We do not recommend the use of latches in FPGA/CPLD designs, as they may lead to timing problems.
INFO:Xst:2371 - HDL ADVISOR - Logic functions respectively driving the data and gate enable inputs of this latch share common terms. This situation will potentially lead to setup/hold violations and, as a result, to simulation problems. This situation may come from an incomplete case statement (all selector values are not covered). You should carefully review if it was in your intentions to describe such a latch.
    Found 5-bit register for signal <b_data>.
    Found 10-bit adder for signal <b_data$addsub0000> created at line 234.
    Found 10-bit comparator equal for signal <b_data$cmp_eq0001> created at line 234.
    Found 10-bit comparator greater for signal <b_data$cmp_gt0000> created at line 230.
    Found 10-bit comparator greater for signal <b_data$cmp_gt0001> created at line 229.
    Found 10-bit comparator less for signal <b_data$cmp_lt0000> created at line 230.
    Found 10-bit comparator less for signal <b_data$cmp_lt0001> created at line 229.
    Found 15-bit up counter for signal <cnt_data>.
    Found 1-bit register for signal <dclk>.
    Found 10-bit comparator greatequal for signal <de_i$cmp_ge0000> created at line 167.
    Found 10-bit comparator lessequal for signal <de_i$cmp_le0000> created at line 167.
    Found 6-bit register for signal <g_data>.
    Found 10-bit up counter for signal <hsync_cnt>.
    Found 8x9-bit multiplier for signal <mult0000$mult0000> created at line 234.
    Found 9-bit adder for signal <p1$addsub0000> created at line 104.
    Found 9-bit adder for signal <p1$addsub0001> created at line 104.
    Found 9-bit adder for signal <p1$addsub0002> created at line 104.
    Found 9-bit adder for signal <p1$addsub0003> created at line 104.
    Found 9-bit adder for signal <p1$addsub0004> created at line 104.
    Found 9-bit adder for signal <p1$addsub0005> created at line 104.
    Found 9-bit adder for signal <p1$addsub0006> created at line 104.
    Found 9-bit subtractor for signal <p1$sub0000> created at line 101.
    Found 9-bit subtractor for signal <p1$sub0001> created at line 101.
    Found 9-bit subtractor for signal <p1$sub0002> created at line 101.
    Found 9-bit subtractor for signal <p1$sub0003> created at line 101.
    Found 9-bit subtractor for signal <p1$sub0004> created at line 101.
    Found 9-bit subtractor for signal <p1$sub0005> created at line 101.
    Found 9-bit subtractor for signal <p1$sub0006> created at line 101.
    Found 9-bit subtractor for signal <p1$sub0007> created at line 101.
    Found 5-bit register for signal <r_data>.
    Found 10-bit up counter for signal <vsync_cnt>.
    Summary:
	inferred   3 Counter(s).
	inferred  17 D-type flip-flop(s).
	inferred  16 Adder/Subtractor(s).
	inferred   1 Multiplier(s).
	inferred   7 Comparator(s).
Unit <TFT_LCD> synthesized.


Synthesizing Unit <clk_25m>.
    Related source file is "D:/ISE/modice/TFT_LCD/clk_25m.vhd".
Unit <clk_25m> synthesized.


Synthesizing Unit <top>.
    Related source file is "D:/ISE/modice/TFT_LCD/top.vhd".
    Found 8-bit adder carry in for signal <GPIO_OUT>.
    Found 9-bit adder for signal <GPIO_OUT$add0000>.
    Found 8-bit adder for signal <GPIO_OUT$add0001>.
    Found 9-bit adder for signal <GPIO_OUT$addsub0000>.
    Found 8-bit adder for signal <GPIO_OUT$addsub0001>.
    Found 8-bit comparator greatequal for signal <GPIO_OUT$cmp_ge0000> created at line 85.
    Found 9-bit subtractor for signal <GPIO_OUT$sub0000> created at line 86.
    Found 8-bit adder for signal <GPIO_OUT$sub0001> created at line 88.
    Summary:
	inferred   7 Adder/Subtractor(s).
	inferred   1 Comparator(s).
Unit <top> synthesized.

INFO:Xst:1767 - HDL ADVISOR - Resource sharing has identified that some arithmetic operations in this design can share the same physical resources for reduced device utilization. For improved clock frequency you may try to disable resource sharing.

=========================================================================
HDL Synthesis Report

Macro Statistics
# Multipliers                                          : 1
 8x9-bit multiplier                                    : 1
# Adders/Subtractors                                   : 23
 10-bit adder                                          : 1
 8-bit adder                                           : 3
 8-bit adder carry in                                  : 1
 9-bit adder                                           : 9
 9-bit subtractor                                      : 9
# Counters                                             : 3
 10-bit up counter                                     : 2
 15-bit up counter                                     : 1
# Registers                                            : 3
 5-bit register                                        : 2
 6-bit register                                        : 1
# Latches                                              : 1
 1-bit latch                                           : 1
# Comparators                                          : 8
 10-bit comparator equal                               : 1
 10-bit comparator greatequal                          : 1
 10-bit comparator greater                             : 2
 10-bit comparator less                                : 2
 10-bit comparator lessequal                           : 1
 8-bit comparator greatequal                           : 1

=========================================================================

=========================================================================
*                       Advanced HDL Synthesis                          *
=========================================================================

INFO:Xst:2261 - The FF/Latch <g_data_0> in Unit <u_tft_lcd> is equivalent to the following 10 FFs/Latches, which will be removed : <g_data_1> <g_data_2> <g_data_3> <g_data_4> <g_data_5> <r_data_0> <r_data_1> <r_data_2> <r_data_3> <r_data_4> 
INFO:Xst:2261 - The FF/Latch <b_data_0> in Unit <u_tft_lcd> is equivalent to the following 4 FFs/Latches, which will be removed : <b_data_1> <b_data_2> <b_data_3> <b_data_4> 

=========================================================================
Advanced HDL Synthesis Report

Macro Statistics
# Multipliers                                          : 1
 8x9-bit multiplier                                    : 1
# Adders/Subtractors                                   : 23
 10-bit adder                                          : 1
 7-bit adder                                           : 1
 8-bit adder                                           : 4
 8-bit adder carry in                                  : 1
 8-bit subtractor                                      : 2
 9-bit adder                                           : 7
 9-bit subtractor                                      : 7
# Counters                                             : 2
 10-bit up counter                                     : 2
# Registers                                            : 16
 Flip-Flops                                            : 16
# Latches                                              : 1
 1-bit latch                                           : 1
# Comparators                                          : 8
 10-bit comparator equal                               : 1
 10-bit comparator greatequal                          : 1
 10-bit comparator greater                             : 2
 10-bit comparator less                                : 2
 10-bit comparator lessequal                           : 1
 8-bit comparator greatequal                           : 1

=========================================================================

=========================================================================
*                         Low Level Synthesis                           *
=========================================================================
INFO:Xst:2261 - The FF/Latch <g_data_0> in Unit <TFT_LCD> is equivalent to the following 10 FFs/Latches, which will be removed : <g_data_1> <g_data_2> <g_data_3> <g_data_4> <g_data_5> <r_data_0> <r_data_1> <r_data_2> <r_data_3> <r_data_4> 
INFO:Xst:2261 - The FF/Latch <b_data_0> in Unit <TFT_LCD> is equivalent to the following 4 FFs/Latches, which will be removed : <b_data_1> <b_data_2> <b_data_3> <b_data_4> 

Optimizing unit <top> ...

Optimizing unit <TFT_LCD> ...

Mapping all equations...
Building and optimizing final netlist ...
Found area constraint ratio of 100 (+ 5) on block top, actual ratio is 0.

Final Macro Processing ...

=========================================================================
Final Register Report

Macro Statistics
# Registers                                            : 22
 Flip-Flops                                            : 22

=========================================================================

=========================================================================
*                           Partition Report                            *
=========================================================================

Partition Implementation Status
-------------------------------

  No Partitions were found in this design.

-------------------------------

=========================================================================
*                            Final Report                               *
=========================================================================
Final Results
RTL Top Level Output File Name     : top.ngr
Top Level Output File Name         : top
Output Format                      : NGC
Optimization Goal                  : Speed
Keep Hierarchy                     : No

Design Statistics
# IOs                              : 60

Cell Usage :
# BELS                             : 151
#      GND                         : 1
#      INV                         : 4
#      LUT1                        : 19
#      LUT2                        : 17
#      LUT3                        : 15
#      LUT3_D                      : 1
#      LUT4                        : 43
#      LUT4_D                      : 1
#      MUXCY                       : 24
#      MUXF5                       : 5
#      VCC                         : 1
#      XORCY                       : 20
# FlipFlops/Latches                : 23
#      FDC                         : 10
#      FDCE                        : 12
#      LD                          : 1
# Clock Buffers                    : 2
#      BUFG                        : 2
# IO Buffers                       : 60
#      IBUF                        : 9
#      IBUFG                       : 1
#      OBUF                        : 50
# DCMs                             : 1
#      DCM                         : 1
# MULTs                            : 1
#      MULT18X18                   : 1
=========================================================================

Device utilization summary:
---------------------------

Selected Device : 3s2000fg456-4 

 Number of Slices:                       54  out of  20480     0%  
 Number of Slice Flip Flops:             22  out of  40960     0%  
 Number of 4 input LUTs:                100  out of  40960     0%  
 Number of IOs:                          60
 Number of bonded IOBs:                  60  out of    333    18%  
    IOB Flip Flops:                       1
 Number of MULT18X18s:                    1  out of     40     2%  
 Number of GCLKs:                         2  out of      8    25%  
 Number of DCMs:                          1  out of      4    25%  

---------------------------
Partition Resource Summary:
---------------------------

  No Partitions were found in this design.

---------------------------


=========================================================================
TIMING REPORT

NOTE: THESE TIMING NUMBERS ARE ONLY A SYNTHESIS ESTIMATE.
      FOR ACCURATE TIMING INFORMATION PLEASE REFER TO THE TRACE REPORT
      GENERATED AFTER PLACE-and-ROUTE.

Clock Information:
------------------
-----------------------------------------------------+-------------------------+-------+
Clock Signal                                         | Clock buffer(FF name)   | Load  |
-----------------------------------------------------+-------------------------+-------+
CLK                                                  | u_clk_25m/DCM_INST:CLKFX| 22    |
u_tft_lcd/de_i_not0001(u_tft_lcd/de_i_not000161_f5:O)| NONE(*)(u_tft_lcd/de_i) | 1     |
-----------------------------------------------------+-------------------------+-------+
(*) This 1 clock signal(s) are generated by combinatorial logic,
and XST is not able to identify which are the primary clock signals.
Please use the CLOCK_SIGNAL constraint to specify the clock signal(s) generated by combinatorial logic.
INFO:Xst:2169 - HDL ADVISOR - Some clock signals were not automatically buffered by XST with BUFG/BUFR resources. Please use the buffer_type constraint in order to insert these buffers to the clock signals to help prevent skew problems.

Asynchronous Control Signals Information:
----------------------------------------
------------------------------------+-------------------------+-------+
Control Signal                      | Buffer(FF name)         | Load  |
------------------------------------+-------------------------+-------+
RST_INV(u_tft_lcd/RSTB_inv1_INV_0:O)| NONE(u_tft_lcd/b_data_0)| 22    |
------------------------------------+-------------------------+-------+

Timing Summary:
---------------
Speed Grade: -4

   Minimum period: 4.306ns (Maximum Frequency: 232.248MHz)
   Minimum input arrival time before clock: 14.121ns
   Maximum output required time after clock: 7.508ns
   Maximum combinational path delay: 12.414ns

Timing Detail:
--------------
All values displayed in nanoseconds (ns)

=========================================================================
Timing constraint: Default period analysis for Clock 'CLK'
  Clock period: 4.306ns (frequency: 232.248MHz)
  Total number of paths / destination ports: 2597 / 34
-------------------------------------------------------------------------
Delay:               17.223ns (Levels of Logic = 13)
  Source:            u_tft_lcd/hsync_cnt_9 (FF)
  Destination:       u_tft_lcd/b_data_0 (FF)
  Source Clock:      CLK rising 0.3X
  Destination Clock: CLK rising 0.3X

  Data Path: u_tft_lcd/hsync_cnt_9 to u_tft_lcd/b_data_0
                                Gate     Net
    Cell:in->out      fanout   Delay   Delay  Logical Name (Net Name)
    ----------------------------------------  ------------
     FDC:C->Q              9   0.720   1.463  u_tft_lcd/hsync_cnt_9 (u_tft_lcd/hsync_cnt_9)
     LUT4:I0->O            1   0.551   0.801  u_tft_lcd/_n0000<0>116 (u_tft_lcd/_n0000<0>116)
     MUXF5:S->O            8   0.621   1.109  u_tft_lcd/_n0000<0>142 (u_tft_lcd/_n0000<0>142)
     LUT4:I3->O            1   0.551   0.801  u_tft_lcd/_n0000<2>1 (u_tft_lcd/_n0000<2>)
     MULT18X18:A2->P2      1   2.024   1.140  u_tft_lcd/Mmult_mult0000_mult0000 (u_tft_lcd/Madd_p1_addsub0005_lut<0>)
     LUT2:I0->O            1   0.551   0.827  u_tft_lcd/b_data_addsub0000<0>3_SW0 (N6)
     LUT4_D:I3->O          2   0.551   0.903  u_tft_lcd/b_data_addsub0000<0>3 (u_tft_lcd/b_data_addsub0000<0>_bdd1)
     LUT4:I3->O            1   0.551   0.827  u_tft_lcd/b_data_addsub0000<0>1 (u_tft_lcd/b_data_addsub0000<0>)
     LUT4:I3->O            1   0.551   0.000  u_tft_lcd/Mcompar_b_data_cmp_eq0001_lut<2> (u_tft_lcd/Mcompar_b_data_cmp_eq0001_lut<2>)
     MUXCY:S->O            1   0.500   0.000  u_tft_lcd/Mcompar_b_data_cmp_eq0001_cy<2> (u_tft_lcd/Mcompar_b_data_cmp_eq0001_cy<2>)
     MUXCY:CI->O           1   0.064   0.000  u_tft_lcd/Mcompar_b_data_cmp_eq0001_cy<3> (u_tft_lcd/Mcompar_b_data_cmp_eq0001_cy<3>)
     MUXCY:CI->O           1   0.064   0.000  u_tft_lcd/Mcompar_b_data_cmp_eq0001_cy<4> (u_tft_lcd/Mcompar_b_data_cmp_eq0001_cy<4>)
     MUXCY:CI->O           1   0.303   0.996  u_tft_lcd/Mcompar_b_data_cmp_eq0001_cy<5> (u_tft_lcd/Mcompar_b_data_cmp_eq0001_cy<5>)
     LUT2:I1->O            1   0.551   0.000  u_tft_lcd/b_data_mux0002<0>1 (u_tft_lcd/b_data_mux0002<0>)
     FDCE:D                    0.203          u_tft_lcd/b_data_0
    ----------------------------------------
    Total                     17.223ns (8.356ns logic, 8.867ns route)
                                       (48.5% logic, 51.5% route)

=========================================================================
Timing constraint: Default OFFSET IN BEFORE for Clock 'u_tft_lcd/de_i_not0001'
  Total number of paths / destination ports: 1 / 1
-------------------------------------------------------------------------
Offset:              3.191ns (Levels of Logic = 3)
  Source:            RSTB (PAD)
  Destination:       u_tft_lcd/de_i (LATCH)
  Destination Clock: u_tft_lcd/de_i_not0001 falling

  Data Path: RSTB to u_tft_lcd/de_i
                                Gate     Net
    Cell:in->out      fanout   Delay   Delay  Logical Name (Net Name)
    ----------------------------------------  ------------
     IBUF:I->O             4   0.821   1.256  RSTB_IBUF (RSTB_IBUF)
     LUT4:I0->O            1   0.551   0.000  u_tft_lcd/de_i_mux0003231 (u_tft_lcd/de_i_mux000323)
     MUXF5:I1->O           1   0.360   0.000  u_tft_lcd/de_i_mux000323_f5 (u_tft_lcd/de_i_mux0003)
     LD:D                      0.203          u_tft_lcd/de_i
    ----------------------------------------
    Total                      3.191ns (1.935ns logic, 1.256ns route)
                                       (60.6% logic, 39.4% route)

=========================================================================
Timing constraint: Default OFFSET IN BEFORE for Clock 'CLK'
  Total number of paths / destination ports: 116 / 1
-------------------------------------------------------------------------
Offset:              14.121ns (Levels of Logic = 12)
  Source:            GPIO_IN<1> (PAD)
  Destination:       u_tft_lcd/b_data_0 (FF)
  Destination Clock: CLK rising 0.3X

  Data Path: GPIO_IN<1> to u_tft_lcd/b_data_0
                                Gate     Net
    Cell:in->out      fanout   Delay   Delay  Logical Name (Net Name)
    ----------------------------------------  ------------
     IBUF:I->O             6   0.821   1.342  GPIO_IN_1_IBUF (LED_1_OBUF)
     LUT4:I0->O            1   0.551   0.801  u_tft_lcd/_n0000<1>1 (u_tft_lcd/_n0000<1>)
     MULT18X18:A1->P2      1   2.024   1.140  u_tft_lcd/Mmult_mult0000_mult0000 (u_tft_lcd/Madd_p1_addsub0005_lut<0>)
     LUT2:I0->O            1   0.551   0.827  u_tft_lcd/b_data_addsub0000<0>3_SW0 (N6)
     LUT4_D:I3->O          2   0.551   0.903  u_tft_lcd/b_data_addsub0000<0>3 (u_tft_lcd/b_data_addsub0000<0>_bdd1)
     LUT4:I3->O            1   0.551   0.827  u_tft_lcd/b_data_addsub0000<0>1 (u_tft_lcd/b_data_addsub0000<0>)
     LUT4:I3->O            1   0.551   0.000  u_tft_lcd/Mcompar_b_data_cmp_eq0001_lut<2> (u_tft_lcd/Mcompar_b_data_cmp_eq0001_lut<2>)
     MUXCY:S->O            1   0.500   0.000  u_tft_lcd/Mcompar_b_data_cmp_eq0001_cy<2> (u_tft_lcd/Mcompar_b_data_cmp_eq0001_cy<2>)
     MUXCY:CI->O           1   0.064   0.000  u_tft_lcd/Mcompar_b_data_cmp_eq0001_cy<3> (u_tft_lcd/Mcompar_b_data_cmp_eq0001_cy<3>)
     MUXCY:CI->O           1   0.064   0.000  u_tft_lcd/Mcompar_b_data_cmp_eq0001_cy<4> (u_tft_lcd/Mcompar_b_data_cmp_eq0001_cy<4>)
     MUXCY:CI->O           1   0.303   0.996  u_tft_lcd/Mcompar_b_data_cmp_eq0001_cy<5> (u_tft_lcd/Mcompar_b_data_cmp_eq0001_cy<5>)
     LUT2:I1->O            1   0.551   0.000  u_tft_lcd/b_data_mux0002<0>1 (u_tft_lcd/b_data_mux0002<0>)
     FDCE:D                    0.203          u_tft_lcd/b_data_0
    ----------------------------------------
    Total                     14.121ns (7.285ns logic, 6.836ns route)
                                       (51.6% logic, 48.4% route)

=========================================================================
Timing constraint: Default OFFSET OUT AFTER for Clock 'u_tft_lcd/de_i_not0001'
  Total number of paths / destination ports: 1 / 1
-------------------------------------------------------------------------
Offset:              7.078ns (Levels of Logic = 1)
  Source:            u_tft_lcd/de_i (LATCH)
  Destination:       de (PAD)
  Source Clock:      u_tft_lcd/de_i_not0001 falling

  Data Path: u_tft_lcd/de_i to de
                                Gate     Net
    Cell:in->out      fanout   Delay   Delay  Logical Name (Net Name)
    ----------------------------------------  ------------
     LD:G->Q               1   0.633   0.801  u_tft_lcd/de_i (u_tft_lcd/de_i)
     OBUF:I->O                 5.644          de_OBUF (de)
    ----------------------------------------
    Total                      7.078ns (6.277ns logic, 0.801ns route)
                                       (88.7% logic, 11.3% route)

=========================================================================
Timing constraint: Default OFFSET OUT AFTER for Clock 'CLK'
  Total number of paths / destination ports: 16 / 16
-------------------------------------------------------------------------
Offset:              7.508ns (Levels of Logic = 1)
  Source:            u_tft_lcd/g_data_0 (FF)
  Destination:       data_out<15> (PAD)
  Source Clock:      CLK rising 0.3X

  Data Path: u_tft_lcd/g_data_0 to data_out<15>
                                Gate     Net
    Cell:in->out      fanout   Delay   Delay  Logical Name (Net Name)
    ----------------------------------------  ------------
     FDCE:C->Q            11   0.720   1.144  u_tft_lcd/g_data_0 (u_tft_lcd/g_data_0)
     OBUF:I->O                 5.644          data_out_15_OBUF (data_out<15>)
    ----------------------------------------
    Total                      7.508ns (6.364ns logic, 1.144ns route)
                                       (84.8% logic, 15.2% route)

=========================================================================
Timing constraint: Default path analysis
  Total number of paths / destination ports: 108 / 24
-------------------------------------------------------------------------
Delay:               12.414ns (Levels of Logic = 5)
  Source:            GPIO_IN<0> (PAD)
  Destination:       GPIO_OUT<7> (PAD)

  Data Path: GPIO_IN<0> to GPIO_OUT<7>
                                Gate     Net
    Cell:in->out      fanout   Delay   Delay  Logical Name (Net Name)
    ----------------------------------------  ------------
     IBUF:I->O             6   0.821   1.342  GPIO_IN_0_IBUF (LED_0_OBUF)
     LUT4:I0->O            3   0.551   1.102  LED<19>11 (LED<19>_bdd0)
     LUT2:I1->O            3   0.551   0.975  LED<20>11 (LED<20>_bdd0)
     LUT4:I2->O            2   0.551   0.877  LED<23>1 (LED_23_OBUF)
     OBUF:I->O                 5.644          GPIO_OUT_7_OBUF (GPIO_OUT<7>)
    ----------------------------------------
    Total                     12.414ns (8.118ns logic, 4.296ns route)
                                       (65.4% logic, 34.6% route)

=========================================================================


Total REAL time to Xst completion: 18.00 secs
Total CPU time to Xst completion: 18.01 secs
 
--> 

Total memory usage is 318180 kilobytes

Number of errors   :    0 (   0 filtered)
Number of warnings :    6 (   0 filtered)
Number of infos    :    7 (   0 filtered)

